INFO:     Will watch for changes in these directories: ['C:\\Users\\danik\\Desktop\\Python\\chemrepro']
INFO:     Uvicorn running on http://127.0.0.1:8000 (Press CTRL+C to quit)
INFO:     Started reloader process [19664] using WatchFiles
INFO:     Started server process [22172]
INFO:     Waiting for application startup.
INFO:     Application startup complete.
WARNING:  WatchFiles detected changes in 'app\routers\papers.py'. Reloading...
INFO:     Shutting down
INFO:     Waiting for connections to close. (CTRL+C to force quit)
INFO:     Waiting for application shutdown.
INFO:     Application shutdown complete.
INFO:     Finished server process [22172]
WARNING:  WatchFiles detected changes in 'app\routers\papers.py'. Reloading...
Exception ignored in: <function BaseEventLoop.__del__ at 0x000001FE6549BE20>
Traceback (most recent call last):
  File "C:\Users\danik\miniconda3\Lib\asyncio\base_events.py", line 766, in __del__
    self.close()
  File "C:\Users\danik\miniconda3\Lib\asyncio\selector_events.py", line 104, in close
    self._close_self_pipe()
  File "C:\Users\danik\miniconda3\Lib\asyncio\selector_events.py", line 111, in _close_self_pipe
    self._remove_reader(self._ssock.fileno())
AttributeError: '_WindowsSelectorEventLoop' object has no attribute '_ssock'
C:\Users\danik\miniconda3\Lib\site-packages\uvicorn\_subprocess.py:84: RuntimeWarning: coroutine 'Server.serve' was never awaited
  pass
RuntimeWarning: Enable tracemalloc to get the object allocation traceback
INFO:     Started server process [15672]
INFO:     Waiting for application startup.
INFO:     Application startup complete.
WARNING:  WatchFiles detected changes in 'app\routers\papers.py'. Reloading...
INFO:     Shutting down
INFO:     Waiting for application shutdown.
INFO:     Application shutdown complete.
INFO:     Finished server process [15672]
WARNING:  WatchFiles detected changes in 'app\routers\papers.py'. Reloading...
C:\Users\danik\miniconda3\Lib\site-packages\uvicorn\_subprocess.py:84: RuntimeWarning: coroutine 'Server.serve' was never awaited
  pass
RuntimeWarning: Enable tracemalloc to get the object allocation traceback
INFO:     Started server process [20388]
INFO:     Waiting for application startup.
INFO:     Application startup complete.
